Getting driver...
INFO:WDM:====== WebDriver manager ======
INFO:WDM:Get LATEST chromedriver version for google-chrome
INFO:WDM:Get LATEST chromedriver version for google-chrome
INFO:WDM:Driver [C:\Users\suppo\.wdm\drivers\chromedriver\win64\144.0.7559.109\chromedriver-win32/chromedriver.exe] found in cache
Driver obtained.
Created temp file: C:\Users\suppo\AppData\Local\Temp\tmpz4wu147a.html
Loading URL: file:///C:/Users/suppo/AppData/Local/Temp/tmpz4wu147a.html
Page loaded.
Executing cdp command...
Success! Got data of length 18532
